Component: ARM Compiler 5.06 update 6 (build 750) Tool: armlink [4d35ed]

==============================================================================

Section Cross References

    legendofzorlda.o(i.Draw_Health) refers to st7735.o(i.ST7735_DrawBitmap) for ST7735_DrawBitmap
    legendofzorlda.o(i.Draw_Health) refers to images.o(.constdata) for halfheart
    legendofzorlda.o(i.Draw_Item) refers to st7735.o(i.ST7735_DrawBitmap) for ST7735_DrawBitmap
    legendofzorlda.o(i.Draw_Item) refers to st7735.o(i.ST7735_DrawString) for ST7735_DrawString
    legendofzorlda.o(i.Draw_Item) refers to images.o(.constdata) for potion
    legendofzorlda.o(i.Draw_Item) refers to legendofzorlda.o(.data) for myLanguage
    legendofzorlda.o(i.Ending) refers to st7735.o(i.ST7735_DrawBitmap) for ST7735_DrawBitmap
    legendofzorlda.o(i.Ending) refers to st7735.o(i.ST7735_DrawString) for ST7735_DrawString
    legendofzorlda.o(i.Ending) refers to st7735.o(i.ST7735_DrawChar) for ST7735_DrawChar
    legendofzorlda.o(i.Ending) refers to st7735.o(i.ST7735_SetCursor) for ST7735_SetCursor
    legendofzorlda.o(i.Ending) refers to print.o(.text) for LCD_OutDec
    legendofzorlda.o(i.Ending) refers to legendofzorlda.o(.data) for line
    legendofzorlda.o(i.Ending) refers to images.o(.constdata) for black10x10
    legendofzorlda.o(i.GPIOPortF_Handler) refers to music.o(i.Music_Resume) for Music_Resume
    legendofzorlda.o(i.GPIOPortF_Handler) refers to music.o(i.Music_Pause) for Music_Pause
    legendofzorlda.o(i.GPIOPortF_Handler) refers to legendofzorlda.o(.data) for pause
    legendofzorlda.o(i.Make_Floor) refers to stage.o(i.Make_Bush1Stage) for Make_Bush1Stage
    legendofzorlda.o(i.Make_Floor) refers to stage.o(i.Next_Rooms) for Next_Rooms
    legendofzorlda.o(i.Make_Floor) refers to stage.o(i.Make_Bush2Stage) for Make_Bush2Stage
    legendofzorlda.o(i.Make_Floor) refers to stage.o(i.Make_Stairs) for Make_Stairs
    legendofzorlda.o(i.Make_Floor) refers to stage.o(i.Make_Shop) for Make_Shop
    legendofzorlda.o(i.Make_Floor) refers to stage.o(i.Make_SlimeBossStage) for Make_SlimeBossStage
    legendofzorlda.o(i.Make_Floor) refers to stage.o(i.Make_Water1Stage) for Make_Water1Stage
    legendofzorlda.o(i.Make_Floor) refers to stage.o(i.Make_Water2Stage) for Make_Water2Stage
    legendofzorlda.o(i.Make_Floor) refers to stage.o(i.Make_OrcBossStage) for Make_OrcBossStage
    legendofzorlda.o(i.Make_Floor) refers to stage.o(i.Make_Brick1Stage) for Make_Brick1Stage
    legendofzorlda.o(i.Make_Floor) refers to stage.o(i.Make_Brick2Stage) for Make_Brick2Stage
    legendofzorlda.o(i.Make_Floor) refers to stage.o(i.Make_LynelBossStage) for Make_LynelBossStage
    legendofzorlda.o(i.Make_Floor) refers to stage.o(i.Make_Ice1Stage) for Make_Ice1Stage
    legendofzorlda.o(i.Make_Floor) refers to stage.o(i.Make_Ice2Stage) for Make_Ice2Stage
    legendofzorlda.o(i.Make_Floor) refers to stage.o(i.Make_Ice3Stage) for Make_Ice3Stage
    legendofzorlda.o(i.Make_Floor) refers to stage.o(i.Make_IcegolemBossStage) for Make_IcegolemBossStage
    legendofzorlda.o(i.Make_Floor) refers to stage.o(i.Make_Lava1Stage) for Make_Lava1Stage
    legendofzorlda.o(i.Make_Floor) refers to stage.o(i.Make_Lava2Stage) for Make_Lava2Stage
    legendofzorlda.o(i.Make_Floor) refers to stage.o(i.Make_Lava3Stage) for Make_Lava3Stage
    legendofzorlda.o(i.Make_Floor) refers to stage.o(i.Make_Ganon1BossStage) for Make_Ganon1BossStage
    legendofzorlda.o(i.Make_Floor) refers to stage.o(i.Make_Lava4Stage) for Make_Lava4Stage
    legendofzorlda.o(i.Make_Floor) refers to legendofzorlda.o(.data) for floorNum
    legendofzorlda.o(i.Make_Floor) refers to legendofzorlda.o(.bss) for stage1
    legendofzorlda.o(i.Sample_Joystick) refers to adc.o(i.ADC_InX) for ADC_InX
    legendofzorlda.o(i.Sample_Joystick) refers to adc.o(i.ADC_InY) for ADC_InY
    legendofzorlda.o(i.Sample_Joystick) refers to legendofzorlda.o(.data) for dataX
    legendofzorlda.o(i.ScoreTrack) refers to legendofzorlda.o(.data) for counter
    legendofzorlda.o(i.SysTick_Handler) refers to st7735.o(i.ST7735_SetRotation) for ST7735_SetRotation
    legendofzorlda.o(i.SysTick_Handler) refers to st7735.o(i.ST7735_FillScreen) for ST7735_FillScreen
    legendofzorlda.o(i.SysTick_Handler) refers to stage.o(i.Draw_Borders) for Draw_Borders
    legendofzorlda.o(i.SysTick_Handler) refers to st7735.o(i.ST7735_DrawBitmap) for ST7735_DrawBitmap
    legendofzorlda.o(i.SysTick_Handler) refers to st7735.o(i.ST7735_DrawString) for ST7735_DrawString
    legendofzorlda.o(i.SysTick_Handler) refers to stage.o(i.Redraw_All) for Redraw_All
    legendofzorlda.o(i.SysTick_Handler) refers to player.o(i.Player_Move_Up) for Player_Move_Up
    legendofzorlda.o(i.SysTick_Handler) refers to player.o(i.Player_Move_Right) for Player_Move_Right
    legendofzorlda.o(i.SysTick_Handler) refers to player.o(i.Player_Move_Down) for Player_Move_Down
[...]

    BuildAttributes$$THM_ISAv4$E$P$D$K$B$S$7EM$PE$A:L22UL41UL21$X:L11$S22US41US21$IEEE1$IW$USESV6$~STKCKD$USESV7$~SHL$OSPACE$ROPI$EBA8$UX$STANDARDLIB$REQ8$PRES8$EABIv2 0x00000000   Number         0  anon$$obj.o ABSOLUTE
    __ARM_use_no_argv                        0x00000000   Number         0  legendofzorlda.o ABSOLUTE
    __Vectors                                0x00000000   Data           0  startup.o(RESET)
    __ARM_exceptions_init                     - Undefined Weak Reference
    __alloca_initialize                       - Undefined Weak Reference
    __arm_preinit_                            - Undefined Weak Reference
    __cpp_initialize__aeabi_                  - Undefined Weak Reference
    __cxa_finalize                            - Undefined Weak Reference
    __rt_locale                               - Undefined Weak Reference
    __sigvec_lookup                           - Undefined Weak Reference
    _atexit_init                              - Undefined Weak Reference
    _call_atexit_fns                          - Undefined Weak Reference
    _clock_init                               - Undefined Weak Reference
    _fp_trap_init                             - Undefined Weak Reference
    _fp_trap_shutdown                         - Undefined Weak Reference
    _get_lc_collate                           - Undefined Weak Reference
    _get_lc_ctype                             - Undefined Weak Reference
    _get_lc_monetary                          - Undefined Weak Reference
    _get_lc_numeric                           - Undefined Weak Reference
    _get_lc_time                              - Undefined Weak Reference
    _getenv_init                              - Undefined Weak Reference
    _handle_redirection                       - Undefined Weak Reference
    _init_alloc                               - Undefined Weak Reference
    _init_user_alloc                          - Undefined Weak Reference
    _initio                                   - Undefined Weak Reference
    _rand_init                                - Undefined Weak Reference
    _signal_finish                            - Undefined Weak Reference
    _signal_init                              - Undefined Weak Reference
    _terminate_alloc                          - Undefined Weak Reference
    _terminate_user_alloc                     - Undefined Weak Reference
    _terminateio                              - Undefined Weak Reference
    Reset_Handler                            0x0000026d   Thumb Code     0  startup.o(RESET)
    NMI_Handler                              0x00000271   Thumb Code     2  startup.o(RESET)
    HardFault_Handler                        0x00000273   Thumb Code     2  startup.o(RESET)
    MemManage_Handler                        0x00000275   Thumb Code     2  startup.o(RESET)
    BusFault_Handler                         0x00000277   Thumb Code     2  startup.o(RESET)
    UsageFault_Handler                       0x00000279   Thumb Code     2  startup.o(RESET)
    SVC_Handler                              0x0000027b   Thumb Code     2  startup.o(RESET)
    DebugMon_Handler                         0x0000027d   Thumb Code     2  startup.o(RESET)
    PendSV_Handler                           0x0000027f   Thumb Code     2  startup.o(RESET)
    ADC0Seq0_Handler                         0x00000283   Thumb Code     0  startup.o(RESET)
    ADC0Seq1_Handler                         0x00000283   Thumb Code     0  startup.o(RESET)
    ADC0Seq2_Handler                         0x00000283   Thumb Code     0  startup.o(RESET)
    ADC0Seq3_Handler                         0x00000283   Thumb Code     0  startup.o(RESET)
    ADC1Seq0_Handler                         0x00000283   Thumb Code     0  startup.o(RESET)
    ADC1Seq1_Handler                         0x00000283   Thumb Code     0  startup.o(RESET)
    ADC1Seq2_Handler                         0x00000283   Thumb Code     0  startup.o(RESET)
    ADC1Seq3_Handler                         0x00000283   Thumb Code     0  startup.o(RESET)
    CAN0_Handler                             0x00000283   Thumb Code     0  startup.o(RESET)
    CAN1_Handler                             0x00000283   Thumb Code     0  startup.o(RESET)
    CAN2_Handler                             0x00000283   Thumb Code     0  startup.o(RESET)
    Comp0_Handler                            0x00000283   Thumb Code     0  startup.o(RESET)
    Comp1_Handler                            0x00000283   Thumb Code     0  startup.o(RESET)
    Comp2_Handler                            0x00000283   Thumb Code     0  startup.o(RESET)
    Ethernet_Handler                         0x00000283   Thumb Code     0  startup.o(RESET)
    ExtBus_Handler                           0x00000283   Thumb Code     0  startup.o(RESET)
    FPU_Handler                              0x00000283   Thumb Code     0  startup.o(RESET)
    Fan0_Handler                             0x00000283   Thumb Code     0  startup.o(RESET)
    FlashCtl_Handler                         0x00000283   Thumb Code     0  startup.o(RESET)
    GPIOPortA_Handler                        0x00000283   Thumb Code     0  startup.o(RESET)
    GPIOPortB_Handler                        0x00000283   Thumb Code     0  startup.o(RESET)
    GPIOPortC_Handler                        0x00000283   Thumb Code     0  startup.o(RESET)
    GPIOPortD_Handler                        0x00000283   Thumb Code     0  startup.o(RESET)
    GPIOPortG_Handler                        0x00000283   Thumb Code     0  startup.o(RESET)
    GPIOPortH_Handler                        0x00000283   Thumb Code     0  startup.o(RESET)
    GPIOPortJ_Handler                        0x00000283   Thumb Code     0  startup.o(RESET)
    GPIOPortK_Handler                        0x00000283   Thumb Code     0  startup.o(RESET)
    GPIOPortL_Handler                        0x00000283   Thumb Code     0  startup.o(RESET)
    GPIOPortM_Handler                        0x00000283   Thumb Code     0  startup.o(RESET)
    GPIOPortN_Handler                        0x00000283   Thumb Code     0  startup.o(RESET)
    GPIOPortP1_Handler                       0x00000283   Thumb Code     0  startup.o(RESET)
    GPIOPortP2_Handler                       0x00000283   Thumb Code     0  startup.o(RESET)
    GPIOPortP3_Handler                       0x00000283   Thumb Code     0  startup.o(RESET)
    GPIOPortP4_Handler                       0x00000283   Thumb Code     0  startup.o(RESET)
    GPIOPortP5_Handler                       0x00000283   Thumb Code     0  startup.o(RESET)
    GPIOPortP6_Handler                       0x00000283   Thumb Code     0  startup.o(RESET)
    GPIOPortP7_Handler                       0x00000283   Thumb Code     0  startup.o(RESET)
    GPIOPortP_Handler                        0x00000283   Thumb Code     0  startup.o(RESET)
    GPIOPortQ1_Handler                       0x00000283   Thumb Code     0  startup.o(RESET)
    GPIOPortQ2_Handler                       0x00000283   Thumb Code     0  startup.o(RESET)
    GPIOPortQ3_Handler                       0x00000283   Thumb Code     0  startup.o(RESET)
    GPIOPortQ4_Handler                       0x00000283   Thumb Code     0  startup.o(RESET)
    GPIOPortQ5_Handler                       0x00000283   Thumb Code     0  startup.o(RESET)
    GPIOPortQ6_Handler                       0x00000283   Thumb Code     0  startup.o(RESET)
    GPIOPortQ7_Handler                       0x00000283   Thumb Code     0  startup.o(RESET)
    GPIOPortQ_Handler                        0x00000283   Thumb Code     0  startup.o(RESET)
    GPIOPortR_Handler                        0x00000283   Thumb Code     0  startup.o(RESET)
    GPIOPortS_Handler                        0x00000283   Thumb Code     0  startup.o(RESET)
    Hibernate_Handler                        0x00000283   Thumb Code     0  startup.o(RESET)
    I2C0_Handler                             0x00000283   Thumb Code     0  startup.o(RESET)
    I2C1_Handler                             0x00000283   Thumb Code     0  startup.o(RESET)
    I2C2_Handler                             0x00000283   Thumb Code     0  startup.o(RESET)
    I2C3_Handler                             0x00000283   Thumb Code     0  startup.o(RESET)
    I2C4_Handler                             0x00000283   Thumb Code     0  startup.o(RESET)
    I2C5_Handler                             0x00000283   Thumb Code     0  startup.o(RESET)
    I2S0_Handler                             0x00000283   Thumb Code     0  startup.o(RESET)
    LPC0_Handler                             0x00000283   Thumb Code     0  startup.o(RESET)
    PECI0_Handler                            0x00000283   Thumb Code     0  startup.o(RESET)
    PWM0Fault_Handler                        0x00000283   Thumb Code     0  startup.o(RESET)
    PWM0Generator0_Handler                   0x00000283   Thumb Code     0  startup.o(RESET)
    PWM0Generator1_Handler                   0x00000283   Thumb Code     0  startup.o(RESET)
    PWM0Generator2_Handler                   0x00000283   Thumb Code     0  startup.o(RESET)
    PWM0Generator3_Handler                   0x00000283   Thumb Code     0  startup.o(RESET)
    PWM1Fault_Handler                        0x00000283   Thumb Code     0  startup.o(RESET)
    PWM1Generator0_Handler                   0x00000283   Thumb Code     0  startup.o(RESET)
    PWM1Generator1_Handler                   0x00000283   Thumb Code     0  startup.o(RESET)
    PWM1Generator2_Handler                   0x00000283   Thumb Code     0  startup.o(RESET)
    PWM1Generator3_Handler                   0x00000283   Thumb Code     0  startup.o(RESET)
    Quadrature0_Handler                      0x00000283   Thumb Code     0  startup.o(RESET)
    Quadrature1_Handler                      0x00000283   Thumb Code     0  startup.o(RESET)
    Quadrature2_Handler                      0x00000283   Thumb Code     0  startup.o(RESET)
    SSI0_Handler                             0x00000283   Thumb Code     0  startup.o(RESET)
    SSI1_Handler                             0x00000283   Thumb Code     0  startup.o(RESET)
    SSI2_Handler                             0x00000283   Thumb Code     0  startup.o(RESET)
    SSI3_Handler                             0x00000283   Thumb Code     0  startup.o(RESET)
    SysCtl_Handler                           0x00000283   Thumb Code     0  startup.o(RESET)
    Timer0B_Handler                          0x00000283   Thumb Code     0  startup.o(RESET)
    Timer1B_Handler                          0x00000283   Thumb Code     0  startup.o(RESET)
    Timer2B_Handler                          0x00000283   Thumb Code     0  startup.o(RESET)
    Timer3B_Handler                          0x00000283   Thumb Code     0  startup.o(RESET)
    Timer4B_Handler                          0x00000283   Thumb Code     0  startup.o(RESET)
    Timer5B_Handler                          0x00000283   Thumb Code     0  startup.o(RESET)
    UART0_Handler                            0x00000283   Thumb Code     0  startup.o(RESET)
    UART1_Handler                            0x00000283   Thumb Code     0  startup.o(RESET)
    UART2_Handler                            0x00000283   Thumb Code     0  startup.o(RESET)
    UART3_Handler                            0x00000283   Thumb Code     0  startup.o(RESET)
    UART4_Handler                            0x00000283   Thumb Code     0  startup.o(RESET)
    UART5_Handler                            0x00000283   Thumb Code     0  startup.o(RESET)
    UART6_Handler                            0x00000283   Thumb Code     0  startup.o(RESET)
    UART7_Handler                            0x00000283   Thumb Code     0  startup.o(RESET)
    USB0_Handler                             0x00000283   Thumb Code     0  startup.o(RESET)
    WDT_Handler                              0x00000283   Thumb Code     0  startup.o(RESET)
    WideTimer0A_Handler                      0x00000283   Thumb Code     0  startup.o(RESET)
    WideTimer0B_Handler                      0x00000283   Thumb Code     0  startup.o(RESET)
    WideTimer1A_Handler                      0x00000283   Thumb Code     0  startup.o(RESET)
    WideTimer1B_Handler                      0x00000283   Thumb Code     0  startup.o(RESET)
    WideTimer2A_Handler                      0x00000283   Thumb Code     0  startup.o(RESET)
    WideTimer2B_Handler                      0x00000283   Thumb Code     0  startup.o(RESET)
    WideTimer3A_Handler                      0x00000283   Thumb Code     0  startup.o(RESET)
    WideTimer3B_Handler                      0x00000283   Thumb Code     0  startup.o(RESET)
    WideTimer4A_Handler                      0x00000283   Thumb Code     0  startup.o(RESET)
    WideTimer4B_Handler                      0x00000283   Thumb Code     0  startup.o(RESET)
    WideTimer5A_Handler                      0x00000283   Thumb Code     0  startup.o(RESET)
    WideTimer5B_Handler                      0x00000283   Thumb Code     0  startup.o(RESET)
    uDMA_Error                               0x00000283   Thumb Code     0  startup.o(RESET)
    uDMA_Handler                             0x00000283   Thumb Code     0  startup.o(RESET)
    __main                                   0x00000285   Thumb Code     8  __main.o(!!!main)
    __scatterload                            0x0000028d   Thumb Code     0  __scatter.o(!!!scatter)
    __scatterload_rt2                        0x0000028d   Thumb Code    44  __scatter.o(!!!scatter)
    __scatterload_rt2_thumb_only             0x0000028d   Thumb Code     0  __scatter.o(!!!scatter)
    __scatterload_null                       0x0000029b   Thumb Code     0  __scatter.o(!!!scatter)
    __decompress                             0x000002c1   Thumb Code    90  __dczerorl2.o(!!dczerorl2)
    __decompress1                            0x000002c1   Thumb Code     0  __dczerorl2.o(!!dczerorl2)
    __scatterload_zeroinit                   0x0000031d   Thumb Code    28  __scatter_zi.o(!!handler_zi)
    __rt_lib_init                            0x00000339   Thumb Code     0  libinit.o(.ARM.Collect$$libinit$$00000000)
    __rt_lib_init_alloca_1                   0x0000033b   Thumb Code     0  libinit2.o(.ARM.Collect$$libinit$$0000002E)
    __rt_lib_init_argv_1                     0x0000033b   Thumb Code     0  libinit2.o(.ARM.Collect$$libinit$$0000002C)
    __rt_lib_init_atexit_1                   0x0000033b   Thumb Code     0  libinit2.o(.ARM.Collect$$libinit$$0000001B)
    __rt_lib_init_clock_1                    0x0000033b   Thumb Code     0  libinit2.o(.ARM.Collect$$libinit$$00000021)
    __rt_lib_init_cpp_1                      0x0000033b   Thumb Code     0  libinit2.o(.ARM.Collect$$libinit$$00000032)
    __rt_lib_init_exceptions_1               0x0000033b   Thumb Code     0  libinit2.o(.ARM.Collect$$libinit$$00000030)
    __rt_lib_init_fp_1                       0x0000033b   Thumb Code     0  libinit2.o(.ARM.Collect$$libinit$$00000002)
    __rt_lib_init_fp_trap_1                  0x0000033b   Thumb Code     0  libinit2.o(.ARM.Collect$$libinit$$0000001F)
    __rt_lib_init_getenv_1                   0x0000033b   Thumb Code     0  libinit2.o(.ARM.Collect$$libinit$$00000023)
    __rt_lib_init_heap_1                     0x0000033b   Thumb Code     0  libinit2.o(.ARM.Collect$$libinit$$0000000A)
    __rt_lib_init_lc_collate_1               0x0000033b   Thumb Code     0  libinit2.o(.ARM.Collect$$libinit$$00000011)
    __rt_lib_init_lc_ctype_1                 0x0000033b   Thumb Code     0  libinit2.o(.ARM.Collect$$libinit$$00000013)
    __rt_lib_init_lc_monetary_1              0x0000033b   Thumb Code     0  libinit2.o(.ARM.Collect$$libinit$$00000015)
    __rt_lib_init_lc_numeric_1               0x0000033b   Thumb Code     0  libinit2.o(.ARM.Collect$$libinit$$00000017)
    __rt_lib_init_lc_time_1                  0x0000033b   Thumb Code     0  libinit2.o(.ARM.Collect$$libinit$$00000019)
    __rt_lib_init_preinit_1                  0x0000033b   Thumb Code     0  libinit2.o(.ARM.Collect$$libinit$$00000004)
    __rt_lib_init_rand_1                     0x0000033b   Thumb Code     0  libinit2.o(.ARM.Collect$$libinit$$0000000E)
    __rt_lib_init_return                     0x0000033b   Thumb Code     0  libinit2.o(.ARM.Collect$$libinit$$00000033)
    __rt_lib_init_signal_1                   0x0000033b   Thumb Code     0  libinit2.o(.ARM.Collect$$libinit$$0000001D)
    __rt_lib_init_stdio_1                    0x0000033b   Thumb Code     0  libinit2.o(.ARM.Collect$$libinit$$00000025)
    __rt_lib_init_user_alloc_1               0x0000033b   Thumb Code     0  libinit2.o(.ARM.Collect$$libinit$$0000000C)
    __rt_lib_shutdown                        0x0000033d   Thumb Code     0  libshutdown.o(.ARM.Collect$$libshutdown$$00000000)
    __rt_lib_shutdown_cpp_1                  0x0000033f   Thumb Code     0  libshutdown2.o(.ARM.Collect$$libshutdown$$00000002)
    __rt_lib_shutdown_fp_trap_1              0x0000033f   Thumb Code     0  libshutdown2.o(.ARM.Collect$$libshutdown$$00000007)
    __rt_lib_shutdown_heap_1                 0x0000033f   Thumb Code     0  libshutdown2.o(.ARM.Collect$$libshutdown$$0000000F)
    __rt_lib_shutdown_return                 0x0000033f   Thumb Code     0  libshutdown2.o(.ARM.Collect$$libshutdown$$00000010)
    __rt_lib_shutdown_signal_1               0x0000033f   Thumb Code     0  libshutdown2.o(.ARM.Collect$$libshutdown$$0000000A)
    __rt_lib_shutdown_stdio_1                0x0000033f   Thumb Code     0  libshutdown2.o(.ARM.Collect$$libshutdown$$00000004)
    __rt_lib_shutdown_user_alloc_1           0x0000033f   Thumb Code     0  libshutdown2.o(.ARM.Collect$$libshutdown$$0000000C)
    __rt_entry                               0x00000341   Thumb Code     0  __rtentry.o(.ARM.Collect$$rtentry$$00000000)
    __rt_entry_presh_1                       0x00000341   Thumb Code     0  __rtentry2.o(.ARM.Collect$$rtentry$$00000002)
    __rt_entry_sh                            0x00000341   Thumb Code     0  __rtentry4.o(.ARM.Collect$$rtentry$$00000004)
    __rt_entry_li                            0x00000347   Thumb Code     0  __rtentry2.o(.ARM.Collect$$rtentry$$0000000A)
    __rt_entry_postsh_1                      0x00000347   Thumb Code     0  __rtentry2.o(.ARM.Collect$$rtentry$$00000009)
    __rt_entry_main                          0x0000034b   Thumb Code     0  __rtentry2.o(.ARM.Collect$$rtentry$$0000000D)
    __rt_entry_postli_1                      0x0000034b   Thumb Code     0  __rtentry2.o(.ARM.Collect$$rtentry$$0000000C)
    __rt_exit                                0x00000353   Thumb Code     0  rtexit.o(.ARM.Collect$$rtexit$$00000000)
    __rt_exit_ls                             0x00000355   Thumb Code     0  rtexit2.o(.ARM.Collect$$rtexit$$00000003)
    __rt_exit_prels_1                        0x00000355   Thumb Code     0  rtexit2.o(.ARM.Collect$$rtexit$$00000002)
    __rt_exit_exit                           0x00000359   Thumb Code     0  rtexit2.o(.ARM.Collect$$rtexit$$00000004)
    writecommand                             0x00000361   Thumb Code     0  lcd.o(.text)
    writedata                                0x0000038b   Thumb Code     0  lcd.o(.text)
    LCD_OutDec                               0x000003b9   Thumb Code     0  print.o(.text)
    LCD_OutFix                               0x000003fd   Thumb Code     0  print.o(.text)
    Random_Init                              0x00000495   Thumb Code     0  random.o(.text)
    Random32                                 0x0000049b   Thumb Code     2  random.o(.text)
    Random                                   0x000004ad   Thumb Code     2  random.o(.text)
    DisableInterrupts                        0x000004d1   Thumb Code     0  startup.o(.text)
    EnableInterrupts                         0x000004d5   Thumb Code     0  startup.o(.text)
    StartCritical                            0x000004d9   Thumb Code     0  startup.o(.text)
    EndCritical                              0x000004e1   Thumb Code     0  startup.o(.text)
    WaitForInterrupt                         0x000004e7   Thumb Code     0  startup.o(.text)
    __user_initial_stackheap                 0x000004eb   Thumb Code     0  startup.o(.text)
    ADC1_Init                                0x00000501   Thumb Code   170  texas.o(.text)
    SetCode                                  0x000005ab   Thumb Code    20  texas.o(.text)
    UART0_Init                               0x000005bf   Thumb Code   162  texas.o(.text)
    SetCourse                                0x00000661   Thumb Code    22  texas.o(.text)
    PLL_Init                                 0x00000677   Thumb Code   118  texas.o(.text)
    TExaS_Init                               0x000006ed   Thumb Code   282  texas.o(.text)
    StopTimer4                               0x00000807   Thumb Code    16  texas.o(.text)
    StartTimer4                              0x00000817   Thumb Code    24  texas.o(.text)
    Timer4A_Handler                          0x0000082f   Thumb Code    20  texas.o(.text)
    ADC1_In                                  0x00000843   Thumb Code     6  texas.o(.text)
    Timer5A_Handler                          0x00000849   Thumb Code    34  texas.o(.text)
    TExaS_Stop                               0x0000086b   Thumb Code    18  texas.o(.text)
    copy                                     0x0000087d   Thumb Code    16  texas.o(.text)
    SetMode                                  0x0000088d   Thumb Code    22  texas.o(.text)
    UART0_InChar                             0x000008a3   Thumb Code    20  texas.o(.text)
    UART0_InCharNonBlocking                  0x000008b7   Thumb Code    22  texas.o(.text)
    UART0_OutChar                            0x000008cd   Thumb Code   200  texas.o(.text)
    UART0_OutCharNonBlock                    0x00000995   Thumb Code     6  texas.o(.text)
    __aeabi_memcpy4                          0x000009a1   Thumb Code     0  rt_memcpy_w.o(.text)
    __aeabi_memcpy8                          0x000009a1   Thumb Code     0  rt_memcpy_w.o(.text)
    __rt_memcpy_w                            0x000009a1   Thumb Code   100  rt_memcpy_w.o(.text)
    _memcpy_lastbytes_aligned                0x000009e9   Thumb Code     0  rt_memcpy_w.o(.text)
    __use_two_region_memory                  0x00000a05   Thumb Code     2  heapauxi.o(.text)
    __rt_heap_escrow$2region                 0x00000a07   Thumb Code     2  heapauxi.o(.text)
    __rt_heap_expand$2region                 0x00000a09   Thumb Code     2  heapauxi.o(.text)
    __user_setup_stackheap                   0x00000a0b   Thumb Code    74  sys_stackheap_outer.o(.text)
    exit                                     0x00000a55   Thumb Code    18  exit.o(.text)
    __user_libspace                          0x00000a69   Thumb Code     8  libspace.o(.text)
    __user_perproc_libspace                  0x00000a69   Thumb Code     0  libspace.o(.text)
    __user_perthread_libspace                0x00000a69   Thumb Code     0  libspace.o(.text)
    _sys_exit                                0x00000a71   Thumb Code     8  sys_exit.o(.text)
    __I$use$semihosting                      0x00000a7d   Thumb Code     0  use_no_semi.o(.text)
    __use_no_semihosting_swi                 0x00000a7d   Thumb Code     2  use_no_semi.o(.text)
    __semihosting_library_function           0x00000a7f   Thumb Code     0  indicate_semi.o(.text)
    ADC_InX                                  0x00000a81   Thumb Code    38  adc.o(i.ADC_InX)
    ADC_InY                                  0x00000aad   Thumb Code    38  adc.o(i.ADC_InY)
    ADC_Init                                 0x00000ad9   Thumb Code   232  adc.o(i.ADC_Init)
    Button_Init                              0x00000bd5   Thumb Code   354  legendofzorlda.o(i.Button_Init)
    Check_Adjacent                           0x00000d59   Thumb Code   118  entity.o(i.Check_Adjacent)
    Check_Damage                             0x00000dd1   Thumb Code   884  player.o(i.Check_Damage)
    Check_Item                               0x00001165   Thumb Code    36  player.o(i.Check_Item)
    Check_Move                               0x0000118d   Thumb Code   176  stage.o(i.Check_Move)
    Check_Move_Player                        0x00001241   Thumb Code   124  player.o(i.Check_Move_Player)
    Check_Overlap                            0x000012c1   Thumb Code    68  entity.o(i.Check_Overlap)
    Check_Rupoos                             0x00001305   Thumb Code   204  player.o(i.Check_Rupoos)
    Check_Walls                              0x000013e1   Thumb Code    32  stage.o(i.Check_Walls)
    Clear_Obstacles                          0x00001401   Thumb Code   322  stage.o(i.Clear_Obstacles)
    DAC_Init                                 0x00001555   Thumb Code    46  dac.o(i.DAC_Init)
    DAC_Out                                  0x00001591   Thumb Code     6  dac.o(i.DAC_Out)
    Delay1ms                                 0x0000159d   Thumb Code    32  st7735.o(i.Delay1ms)
    Draw_Borders                             0x000015bd   Thumb Code    20  stage.o(i.Draw_Borders)
    Draw_Borders_Down                        0x000015d1   Thumb Code    78  stage.o(i.Draw_Borders_Down)
    Draw_Borders_Left                        0x00001629   Thumb Code    78  stage.o(i.Draw_Borders_Left)
    Draw_Borders_Right                       0x00001681   Thumb Code    78  stage.o(i.Draw_Borders_Right)
    Draw_Borders_Up                          0x000016d9   Thumb Code    78  stage.o(i.Draw_Borders_Up)
    Draw_Health                              0x00001731   Thumb Code   112  legendofzorlda.o(i.Draw_Health)
    Draw_Item                                0x000017b1   Thumb Code   674  legendofzorlda.o(i.Draw_Item)
    Ending                                   0x00001abd   Thumb Code   816  legendofzorlda.o(i.Ending)
    Entity_Fire                              0x00001e1d   Thumb Code   302  entity.o(i.Entity_Fire)
    Explode_Bomb                             0x00001f51   Thumb Code  1136  proj.o(i.Explode_Bomb)
    Find_Conflict                            0x000023c9   Thumb Code   176  entity.o(i.Find_Conflict)
    GPIOPortE_Handler                        0x0000247d   Thumb Code    94  item.o(i.GPIOPortE_Handler)
    GPIOPortF_Handler                        0x000024f5   Thumb Code    74  legendofzorlda.o(i.GPIOPortF_Handler)
    Make_Bear                                0x00002551   Thumb Code    76  entity.o(i.Make_Bear)
    Make_BlueChest                           0x000025a1   Thumb Code   142  entity.o(i.Make_BlueChest)
    Make_Brick                               0x00002635   Thumb Code    70  entity.o(i.Make_Brick)
    Make_Brick1Stage                         0x00002681   Thumb Code   480  stage.o(i.Make_Brick1Stage)
    Make_Brick2Stage                         0x00002869   Thumb Code   586  stage.o(i.Make_Brick2Stage)
    Make_BrickArrows                         0x00002abd   Thumb Code    70  entity.o(i.Make_BrickArrows)
    Make_BrownChest                          0x00002b09   Thumb Code    68  entity.o(i.Make_BrownChest)
    Make_Bush                                0x00002b51   Thumb Code    70  entity.o(i.Make_Bush)
    Make_Bush1Stage                          0x00002b9d   Thumb Code   292  stage.o(i.Make_Bush1Stage)
    Make_Bush2Stage                          0x00002cc9   Thumb Code   376  stage.o(i.Make_Bush2Stage)
    Make_Crab                                0x00002e49   Thumb Code    80  entity.o(i.Make_Crab)
    Make_Dekuscrub                           0x00002e9d   Thumb Code    78  entity.o(i.Make_Dekuscrub)
    Make_Ebat                                0x00002ef1   Thumb Code    80  entity.o(i.Make_Ebat)
    Make_Explode                             0x00002f45   Thumb Code    70  entity.o(i.Make_Explode)
    Make_Fbow                                0x00002f91   Thumb Code    82  entity.o(i.Make_Fbow)
    Make_Floor                               0x00002fe9   Thumb Code  1078  legendofzorlda.o(i.Make_Floor)
    Make_Ganon1Boss                          0x00003429   Thumb Code    80  entity.o(i.Make_Ganon1Boss)
    Make_Ganon1BossStage                     0x0000347d   Thumb Code   474  stage.o(i.Make_Ganon1BossStage)
    Make_Ganon2Boss                          0x00003661   Thumb Code    82  entity.o(i.Make_Ganon2Boss)
    Make_GreenChest                          0x000036b9   Thumb Code   144  entity.o(i.Make_GreenChest)
    Make_HShieldObs                          0x0000374d   Thumb Code    98  entity.o(i.Make_HShieldObs)
    Make_Ice                                 0x000037c1   Thumb Code    70  entity.o(i.Make_Ice)
    Make_Ice1Stage                           0x0000380d   Thumb Code   556  stage.o(i.Make_Ice1Stage)
    Make_Ice2Stage                           0x00003a41   Thumb Code   634  stage.o(i.Make_Ice2Stage)
    Make_Ice3Stage                           0x00003cc5   Thumb Code   498  stage.o(i.Make_Ice3Stage)
    Make_IcegolemBossStage                   0x00003ec1   Thumb Code   422  stage.o(i.Make_IcegolemBossStage)
    Make_Lava                                0x00004071   Thumb Code    70  entity.o(i.Make_Lava)
    Make_Lava1Stage                          0x000040bd   Thumb Code   690  stage.o(i.Make_Lava1Stage)
    Make_Lava2Stage                          0x00004379   Thumb Code   510  stage.o(i.Make_Lava2Stage)
    Make_Lava3Stage                          0x00004581   Thumb Code   470  stage.o(i.Make_Lava3Stage)
    Make_Lava4Stage                          0x00004761   Thumb Code   718  stage.o(i.Make_Lava4Stage)
    Make_Lonk                                0x00004a39   Thumb Code    92  player.o(i.Make_Lonk)
    Make_LynelBoss                           0x00004a99   Thumb Code    82  entity.o(i.Make_LynelBoss)
    Make_LynelBossStage                      0x00004af1   Thumb Code   422  stage.o(i.Make_LynelBossStage)
    Make_OrcBossStage                        0x00004ca1   Thumb Code   578  stage.o(i.Make_OrcBossStage)
    Make_Proj                                0x00004eed   Thumb Code  1940  proj.o(i.Make_Proj)
    Make_Proj_Player                         0x000056b1   Thumb Code  2022  proj.o(i.Make_Proj_Player)
    Make_RedChest                            0x00005ed9   Thumb Code   146  entity.o(i.Make_RedChest)
    Make_Rup                                 0x00005f71   Thumb Code   126  rupoo.o(i.Make_Rup)
    Make_Shop                                0x00006001   Thumb Code   258  stage.o(i.Make_Shop)
    Make_Shopkeeper                          0x00006121   Thumb Code    70  entity.o(i.Make_Shopkeeper)
    Make_Skelebomber                         0x0000616d   Thumb Code    82  entity.o(i.Make_Skelebomber)
    Make_Skeleton                            0x000061c5   Thumb Code    82  entity.o(i.Make_Skeleton)
    Make_Slime                               0x0000621d   Thumb Code    80  entity.o(i.Make_Slime)
    Make_SlimeBossStage                      0x00006271   Thumb Code   448  stage.o(i.Make_SlimeBossStage)
    Make_Snake                               0x00006439   Thumb Code    80  entity.o(i.Make_Snake)
    Make_Snowman                             0x0000648d   Thumb Code    80  entity.o(i.Make_Snowman)
    Make_Spider                              0x000064e1   Thumb Code    80  entity.o(i.Make_Spider)
    Make_Squid                               0x00006535   Thumb Code    82  entity.o(i.Make_Squid)
    Make_StairObstacle                       0x0000658d   Thumb Code    66  entity.o(i.Make_StairObstacle)
    Make_Stairs                              0x000065d5   Thumb Code   136  stage.o(i.Make_Stairs)
    Make_Valvano                             0x00006679   Thumb Code    90  player.o(i.Make_Valvano)
    Make_WShieldObs                          0x000066d9   Thumb Code    98  entity.o(i.Make_WShieldObs)
    Make_Water                               0x0000674d   Thumb Code    70  entity.o(i.Make_Water)
    Make_Water1Stage                         0x00006799   Thumb Code   526  stage.o(i.Make_Water1Stage)
    Make_Water2Stage                         0x000069b1   Thumb Code   426  stage.o(i.Make_Water2Stage)
    Make_Yerraballi                          0x00006b65   Thumb Code    88  player.o(i.Make_Yerraballi)
    Make_icegolemBoss                        0x00006bc1   Thumb Code    82  entity.o(i.Make_icegolemBoss)
    Make_orcBoss                             0x00006c19   Thumb Code    80  entity.o(i.Make_orcBoss)
    Make_slimeBoss                           0x00006c6d   Thumb Code    80  entity.o(i.Make_slimeBoss)
    Move_Enemy                               0x00006cc1   Thumb Code    94  entity.o(i.Move_Enemy)
    Move_Enemy_Homing                        0x00006d25   Thumb Code   388  entity.o(i.Move_Enemy_Homing)
    Move_Enemy_Proj                          0x00006ea9   Thumb Code   508  entity.o(i.Move_Enemy_Proj)
    Move_Enemy_Random                        0x000070a5   Thumb Code   454  entity.o(i.Move_Enemy_Random)
    Move_Proj                                0x0000726d   Thumb Code   514  proj.o(i.Move_Proj)
    Music_Init                               0x00007479   Thumb Code    20  music.o(i.Music_Init)
    Music_Pause                              0x00007495   Thumb Code    12  music.o(i.Music_Pause)
    Music_Play                               0x000074a9   Thumb Code    24  music.o(i.Music_Play)
    Music_Resume                             0x000074d1   Thumb Code    28  music.o(i.Music_Resume)
    Next_Rooms                               0x000074fd   Thumb Code    24  stage.o(i.Next_Rooms)
    Omni_Fire                                0x00007515   Thumb Code   292  entity.o(i.Omni_Fire)
    Output_Init                              0x0000763d   Thumb Code    16  st7735.o(i.Output_Init)
    Player_Move_Down                         0x0000764d   Thumb Code    82  player.o(i.Player_Move_Down)
    Player_Move_Left                         0x000076b1   Thumb Code    82  player.o(i.Player_Move_Left)
    Player_Move_Right                        0x00007715   Thumb Code    80  player.o(i.Player_Move_Right)
    Player_Move_Up                           0x00007775   Thumb Code    80  player.o(i.Player_Move_Up)
    Redraw_All                               0x000077d5   Thumb Code   212  stage.o(i.Redraw_All)
    ST7735_DrawBitmap                        0x000078ad   Thumb Code   280  st7735.o(i.ST7735_DrawBitmap)
    ST7735_DrawBitmap2                       0x000079cd   Thumb Code   328  st7735.o(i.ST7735_DrawBitmap2)
    ST7735_DrawChar                          0x00007b15   Thumb Code   260  st7735.o(i.ST7735_DrawChar)
    ST7735_DrawCharS                         0x00007c25   Thumb Code   236  st7735.o(i.ST7735_DrawCharS)
    ST7735_DrawPixel                         0x00007d1d   Thumb Code    64  st7735.o(i.ST7735_DrawPixel)
    ST7735_DrawString                        0x00007d65   Thumb Code    86  st7735.o(i.ST7735_DrawString)
    ST7735_FillRect                          0x00007dbd   Thumb Code   164  st7735.o(i.ST7735_FillRect)
    ST7735_FillScreen                        0x00007e69   Thumb Code    28  st7735.o(i.ST7735_FillScreen)
    ST7735_InitR                             0x00007e8d   Thumb Code    90  st7735.o(i.ST7735_InitR)
    ST7735_InvertDisplay                     0x00007f09   Thumb Code    22  st7735.o(i.ST7735_InvertDisplay)
    ST7735_OutChar                           0x00007f21   Thumb Code   176  st7735.o(i.ST7735_OutChar)
    ST7735_OutString                         0x00007ff5   Thumb Code    24  st7735.o(i.ST7735_OutString)
    ST7735_SetCursor                         0x0000800d   Thumb Code    22  st7735.o(i.ST7735_SetCursor)
    ST7735_SetRotation                       0x0000802d   Thumb Code   196  st7735.o(i.ST7735_SetRotation)
    Sample_Joystick                          0x00008101   Thumb Code    20  legendofzorlda.o(i.Sample_Joystick)
    ScoreTrack                               0x0000811d   Thumb Code    44  legendofzorlda.o(i.ScoreTrack)
    SoundTask                                0x00008151   Thumb Code   122  sound.o(i.SoundTask)
    Sound_Hit                                0x000081e9   Thumb Code    30  sound.o(i.Sound_Hit)
    Sound_Init                               0x00008211   Thumb Code    90  sound.o(i.Sound_Init)
    Sound_Play                               0x00008289   Thumb Code    16  sound.o(i.Sound_Play)
    Sound_PlayMusic                          0x000082a5   Thumb Code    28  sound.o(i.Sound_PlayMusic)
    Sound_Projectile                         0x000082c5   Thumb Code    30  sound.o(i.Sound_Projectile)
    Sound_hyah                               0x000082ed   Thumb Code    30  sound.o(i.Sound_hyah)
    Switch_Item                              0x00008315   Thumb Code    34  player.o(i.Switch_Item)
    SysTick_Handler                          0x0000833d   Thumb Code  1678  legendofzorlda.o(i.SysTick_Handler)
    SysTick_Init                             0x000089e1   Thumb Code    42  legendofzorlda.o(i.SysTick_Init)
    Teleport_Enemy                           0x00008a11   Thumb Code   240  entity.o(i.Teleport_Enemy)
    Timer0A_Handler                          0x00008b05   Thumb Code    16  timer0.o(i.Timer0A_Handler)
    Timer0_Init                              0x00008b1d   Thumb Code    74  timer0.o(i.Timer0_Init)
    Timer1A_Handler                          0x00008b7d   Thumb Code    16  timer1.o(i.Timer1A_Handler)
    Timer1_Init                              0x00008b95   Thumb Code    74  timer1.o(i.Timer1_Init)
    Timer2A_Handler                          0x00008bf5   Thumb Code    16  sound.o(i.Timer2A_Handler)
    Timer3A_Handler                          0x00008c0d   Thumb Code   120  music.o(i.Timer3A_Handler)
    Timer3A_Init                             0x00008c99   Thumb Code    68  music.o(i.Timer3A_Init)
    Use_BGSword                              0x00008ced   Thumb Code  1368  item.o(i.Use_BGSword)
    Use_Bomb                                 0x00009271   Thumb Code   330  item.o(i.Use_Bomb)
    Use_Bombchu                              0x000093dd   Thumb Code   330  item.o(i.Use_Bombchu)
    Use_Bow                                  0x00009549   Thumb Code   590  item.o(i.Use_Bow)
    Use_Dekunuts                             0x000097c1   Thumb Code   334  item.o(i.Use_Dekunuts)
    Use_FireRod                              0x00009931   Thumb Code   256  item.o(i.Use_FireRod)
    Use_HShield                              0x00009a51   Thumb Code   796  item.o(i.Use_HShield)
    Use_IceRod                               0x00009d95   Thumb Code   188  item.o(i.Use_IceRod)
    Use_LightBow                             0x00009e6d   Thumb Code   784  item.o(i.Use_LightBow)
    Use_MSword                               0x0000a1a5   Thumb Code  1518  item.o(i.Use_MSword)
    Use_Mjolnir                              0x0000a7c1   Thumb Code  1568  item.o(i.Use_Mjolnir)
    Use_Needles                              0x0000ae09   Thumb Code   478  item.o(i.Use_Needles)
    Use_Quake                                0x0000b009   Thumb Code   192  item.o(i.Use_Quake)
    Use_Shortsword                           0x0000b0e9   Thumb Code  1544  item.o(i.Use_Shortsword)
    Use_WoodShield                           0x0000b71d   Thumb Code   862  item.o(i.Use_WoodShield)
    main                                     0x0000bc85   Thumb Code  4850  legendofzorlda.o(i.main)
    wave                                     0x0000d044   Data         128  sound.o(.constdata)
    hyah                                     0x0000d0c4   Data        7150  sound.o(.constdata)
    Shoot_Projectile                         0x0000ecb2   Data        1782  sound.o(.constdata)
    Sword_Slash                              0x0000f3a8   Data        2851  sound.o(.constdata)
    Enemy_Hit                                0x0000fecb   Data        6773  sound.o(.constdata)
    dBfs                                     0x00011f22   Data         512  st7735.o(.constdata)
    toad                                     0x00012122   Data         800  images.o(.constdata)
    block                                    0x00012442   Data         200  images.o(.constdata)
    brickObstacle                            0x0001250a   Data         200  images.o(.constdata)
    bushObstacle                             0x000125d2   Data         200  images.o(.constdata)
    ssSwingUp1                               0x0001269a   Data         200  images.o(.constdata)
    ssSwingUp2                               0x00012762   Data         200  images.o(.constdata)
    ssSwingUp3                               0x0001282a   Data         200  images.o(.constdata)
    ssSwingUp4                               0x000128f2   Data         200  images.o(.constdata)
    ssSwing5                                 0x000129ba   Data         200  images.o(.constdata)
    mjolnir1                                 0x00012a82   Data         200  images.o(.constdata)
    mjolnir2                                 0x00012b4a   Data         200  images.o(.constdata)
    mjolnir3                                 0x00012c12   Data         200  images.o(.constdata)
    mjolnir4                                 0x00012cda   Data         200  images.o(.constdata)
    bow1                                     0x00012da2   Data         200  images.o(.constdata)
    bow2                                     0x00012e6a   Data         200  images.o(.constdata)
    black10x10                               0x00012f32   Data         200  images.o(.constdata)
    halfheart                                0x00012ffa   Data         288  images.o(.constdata)
    heart                                    0x0001311a   Data         288  images.o(.constdata)
    black16x16                               0x0001323a   Data         512  images.o(.constdata)
    brokenheart                              0x0001343a   Data         288  images.o(.constdata)
    halfbrokenheart                          0x0001355a   Data         144  images.o(.constdata)
    one                                      0x000135ea   Data         256  images.o(.constdata)
    two                                      0x000136ea   Data         256  images.o(.constdata)
    three                                    0x000137ea   Data         256  images.o(.constdata)
    four                                     0x000138ea   Data         256  images.o(.constdata)
    five                                     0x000139ea   Data         256  images.o(.constdata)
    FLO                                      0x00013aea   Data         640  images.o(.constdata)
    potion                                   0x00013d6a   Data        1800  images.o(.constdata)
    shortsword                               0x00014472   Data        1800  images.o(.constdata)
    woodenshield                             0x00014b7a   Data        1800  images.o(.constdata)
    dekunutdisplay                           0x00015282   Data        1800  images.o(.constdata)
    needles                                  0x0001598a   Data        1800  images.o(.constdata)
    biggoronsword                            0x00016092   Data        1800  images.o(.constdata)
    bombchuDisplay                           0x0001679a   Data        1800  images.o(.constdata)
    icerod                                   0x00016ea2   Data        1800  images.o(.constdata)
    hyrulienshield                           0x000175aa   Data        1800  images.o(.constdata)
    quakemedallion                           0x00017cb2   Data        1800  images.o(.constdata)
    firerod                                  0x000183ba   Data        1800  images.o(.constdata)
    heartcontainer                           0x00018ac2   Data        1800  images.o(.constdata)
    bowoflight                               0x000191ca   Data        1800  images.o(.constdata)
    shopkeepdisplay                          0x000198d2   Data        1800  images.o(.constdata)
    lonk_down                                0x00019fda   Data         200  images.o(.constdata)
    lonk_up                                  0x0001a0a2   Data         200  images.o(.constdata)
    lonk_right                               0x0001a16a   Data         200  images.o(.constdata)
    lonk_left                                0x0001a232   Data         200  images.o(.constdata)
    yerup                                    0x0001a2fa   Data         200  images.o(.constdata)
    yerrt                                    0x0001a3c2   Data         200  images.o(.constdata)
    yerdn                                    0x0001a48a   Data         200  images.o(.constdata)
    yerlt                                    0x0001a552   Data         200  images.o(.constdata)
    vaup                                     0x0001a61a   Data         200  images.o(.constdata)
    vart                                     0x0001a6e2   Data         200  images.o(.constdata)
    vadn                                     0x0001a7aa   Data         200  images.o(.constdata)
    valt                                     0x0001a872   Data         200  images.o(.constdata)
    slimeEnemy                               0x0001a93a   Data         200  images.o(.constdata)
    skeletonEnemy                            0x0001aa02   Data         200  images.o(.constdata)
    ganon1Boss                               0x0001aaca   Data         200  images.o(.constdata)
    lynelBoss                                0x0001ab92   Data         800  images.o(.constdata)
    bearEnemy                                0x0001aeb2   Data         200  images.o(.constdata)
    fbowEnemy                                0x0001af7a   Data         200  images.o(.constdata)
    dekuScrubEnemy                           0x0001b042   Data         200  images.o(.constdata)
    ebatEnemy                                0x0001b10a   Data         200  images.o(.constdata)
    iceObstacle                              0x0001b1d2   Data         200  images.o(.constdata)
    lavaObstacle                             0x0001b29a   Data         200  images.o(.constdata)
    shopkeepObstacle                         0x0001b362   Data         200  images.o(.constdata)
    skelebomberEnemy                         0x0001b42a   Data         200  images.o(.constdata)
    snakeEnemy                               0x0001b4f2   Data         200  images.o(.constdata)
    snowmanEnemy                             0x0001b5ba   Data         200  images.o(.constdata)
    spiderEnemy                              0x0001b682   Data         200  images.o(.constdata)
    squidEnemy                               0x0001b74a   Data         200  images.o(.constdata)
    totemEnemy                               0x0001b812   Data         200  images.o(.constdata)
    waterObstacle                            0x0001b8da   Data         200  images.o(.constdata)
    icegolemBoss                             0x0001b9a2   Data         800  images.o(.constdata)
    ganon2boss                               0x0001bcc2   Data         800  images.o(.constdata)
    crabEnemy                                0x0001bfe2   Data         200  images.o(.constdata)
    orcBoss                                  0x0001c0aa   Data         800  images.o(.constdata)
    slimeBoss                                0x0001c3ca   Data         800  images.o(.constdata)
    title_top                                0x0001c6ea   Data         172  images.o(.constdata)
    title_zorlda                             0x0001c796   Data        4120  images.o(.constdata)
    title_sword_top                          0x0001d7ae   Data          64  images.o(.constdata)
    title_sword_mid                          0x0001d7ee   Data         606  images.o(.constdata)
    title_sword_bot                          0x0001da4c   Data         192  images.o(.constdata)
    title_bottom                             0x0001db0c   Data         924  images.o(.constdata)
    arrowup                                  0x0001dea8   Data          54  images.o(.constdata)
    arrowdown                                0x0001dede   Data          54  images.o(.constdata)
    arrowright                               0x0001df14   Data          54  images.o(.constdata)
    arrowleft                                0x0001df4a   Data          54  images.o(.constdata)
    wshieldup                                0x0001df80   Data         200  images.o(.constdata)
    wshieldrt                                0x0001e048   Data         200  images.o(.constdata)
    wshielddn                                0x0001e110   Data         200  images.o(.constdata)
    wshieldlt                                0x0001e1d8   Data         200  images.o(.constdata)
    dekunut                                  0x0001e2a0   Data         128  images.o(.constdata)
    bombProj                                 0x0001e320   Data         200  images.o(.constdata)
    needleup                                 0x0001e3e8   Data          54  images.o(.constdata)
    needlert                                 0x0001e41e   Data          54  images.o(.constdata)
    needledn                                 0x0001e454   Data          54  images.o(.constdata)
    needlelt                                 0x0001e48a   Data          54  images.o(.constdata)
    hshieldup                                0x0001e4c0   Data         200  images.o(.constdata)
    hshieldrt                                0x0001e588   Data         200  images.o(.constdata)
    hshielddn                                0x0001e650   Data         200  images.o(.constdata)
    hshieldlt                                0x0001e718   Data         200  images.o(.constdata)
    fireballup                               0x0001e7e0   Data         200  images.o(.constdata)
    fireballrt                               0x0001e8a8   Data         200  images.o(.constdata)
    fireballdn                               0x0001e970   Data         200  images.o(.constdata)
    fireballlt                               0x0001ea38   Data         200  images.o(.constdata)
    lightup                                  0x0001eb00   Data          54  images.o(.constdata)
    lightrt                                  0x0001eb36   Data          54  images.o(.constdata)
    lightdn                                  0x0001eb6c   Data          54  images.o(.constdata)
    lightlt                                  0x0001eba2   Data          54  images.o(.constdata)
    lightbowup                               0x0001ebd8   Data         200  images.o(.constdata)
    lightbow2                                0x0001eca0   Data         200  images.o(.constdata)
    bombchuup                                0x0001ed68   Data         200  images.o(.constdata)
    bombchurt                                0x0001ee30   Data         200  images.o(.constdata)
    bombchudn                                0x0001eef8   Data         200  images.o(.constdata)
    bombchult                                0x0001efc0   Data         200  images.o(.constdata)
    waveup                                   0x0001f088   Data         200  images.o(.constdata)
    wavert                                   0x0001f150   Data         200  images.o(.constdata)
    wavedn                                   0x0001f218   Data         200  images.o(.constdata)
    wavelt                                   0x0001f2e0   Data         200  images.o(.constdata)
    boltup                                   0x0001f3a8   Data         200  images.o(.constdata)
    boltrt                                   0x0001f470   Data         200  images.o(.constdata)
    boltdn                                   0x0001f538   Data         200  images.o(.constdata)
    boltlt                                   0x0001f600   Data         200  images.o(.constdata)
    explode                                  0x0001f6c8   Data         200  images.o(.constdata)
    black8x8                                 0x0001f790   Data         128  images.o(.constdata)
    black3x9                                 0x0001f810   Data          54  images.o(.constdata)
    black9x3                                 0x0001f846   Data          54  images.o(.constdata)
    grnrupoo                                 0x0001f87c   Data         200  images.o(.constdata)
    redrupoo                                 0x0001f944   Data         200  images.o(.constdata)
    blurupoo                                 0x0001fa0c   Data         200  images.o(.constdata)
    brnchest                                 0x0001fad4   Data         200  images.o(.constdata)
    grnchest                                 0x0001fb9c   Data         200  images.o(.constdata)
    redchest                                 0x0001fc64   Data         200  images.o(.constdata)
    bluchest                                 0x0001fd2c   Data         200  images.o(.constdata)
    stairs                                   0x0001fdf4   Data         200  images.o(.constdata)
    mjolnir                                  0x0001febc   Data        1800  images.o(.constdata)
    mastersword                              0x000205c4   Data        1800  images.o(.constdata)
    bomb                                     0x00020ccc   Data        1800  images.o(.constdata)
    bow                                      0x000213d4   Data        1800  images.o(.constdata)
    cantUseItem                              0x00021adc   Data         200  images.o(.constdata)
    yerraballipic                            0x00021ba4   Data       32856  images.o(.constdata)
    valvano                                  0x00029bfc   Data       32856  images.o(.constdata)
    lunk                                     0x00031c54   Data       32856  images.o(.constdata)
    LegendOfZelda                            0x00039cac   Data        2136  music.o(.constdata)
    InputPortMsg                             0x0003a504   Data          40  texas.o(.constdata)
    OutputPortMsg                            0x0003a52c   Data          40  texas.o(.constdata)
    BlankMsg                                 0x0003a554   Data          40  texas.o(.constdata)
    InitializedMsg                           0x0003a57c   Data          40  texas.o(.constdata)
    IntroMsg                                 0x0003a5a4   Data          40  texas.o(.constdata)
    DoneMsg                                  0x0003a5cc   Data          40  texas.o(.constdata)
    Region$$Table$$Base                      0x0003acf4   Number         0  anon$$obj.o(Region$$Table)
    Region$$Table$$Limit                     0x0003ad14   Number         0  anon$$obj.o(Region$$Table)
    playerSprites                            0x20000000   Data          48  legendofzorlda.o(.data)
    languages                                0x20000030   Data           8  legendofzorlda.o(.data)
    otherDialogue                            0x20000038   Data          24  legendofzorlda.o(.data)
    shopDialogue                             0x20000050   Data          40  legendofzorlda.o(.data)
    itemsInfo                                0x20000078   Data         408  legendofzorlda.o(.data)
    credits                                  0x20000210   Data         392  legendofzorlda.o(.data)
    myLanguage                               0x20000398   Data           1  legendofzorlda.o(.data)
    delayVar                                 0x20000399   Data           1  legendofzorlda.o(.data)
    redrawStats                              0x2000039a   Data           1  legendofzorlda.o(.data)
    totalRupoos                              0x2000039c   Data           4  legendofzorlda.o(.data)
    score                                    0x200003a0   Data           4  legendofzorlda.o(.data)
    shopVar                                  0x200003a4   Data           1  legendofzorlda.o(.data)
    floorNum                                 0x200003a5   Data           1  legendofzorlda.o(.data)
    playing                                  0x200003a6   Data           1  legendofzorlda.o(.data)
    clock                                    0x200003a8   Data           4  legendofzorlda.o(.data)
    currentStage                             0x200003ac   Data           4  legendofzorlda.o(.data)
    myType                                   0x200003b0   Data           1  legendofzorlda.o(.data)
    damagePt                                 0x200003b4   Data           4  legendofzorlda.o(.data)
    itemFlag                                 0x200003b8   Data           1  legendofzorlda.o(.data)
    dataX                                    0x200003bc   Data           4  legendofzorlda.o(.data)
    dataY                                    0x200003c0   Data           4  legendofzorlda.o(.data)
    invertFlag                               0x200003c4   Data           1  legendofzorlda.o(.data)
    cantUseItemFlag                          0x200003c5   Data           1  legendofzorlda.o(.data)
    shakeFlag                                0x200003c6   Data           1  legendofzorlda.o(.data)
    borders                                  0x200003c7   Data           1  legendofzorlda.o(.data)
    displayTitle                             0x200003c8   Data           1  legendofzorlda.o(.data)
    pause                                    0x200003c9   Data           1  legendofzorlda.o(.data)
    idx                                      0x200003d8   Data           1  sound.o(.data)
    idx2                                     0x200003d9   Data           1  sound.o(.data)
    melody                                   0x200003dc   Data           4  sound.o(.data)
    bass                                     0x200003e0   Data           4  sound.o(.data)
    Length                                   0x200003e4   Data           4  sound.o(.data)
    SoundPt                                  0x200003e8   Data           4  sound.o(.data)
    PeriodicTask2                            0x200003ec   Data           4  sound.o(.data)
    PeriodicTask0                            0x200003f0   Data           4  timer0.o(.data)
    PeriodicTask1                            0x200003f4   Data           4  timer1.o(.data)
    StX                                      0x200003f8   Data           4  st7735.o(.data)
    StY                                      0x200003fc   Data           4  st7735.o(.data)
    StTextColor                              0x20000400   Data           2  st7735.o(.data)
    Messageindex                             0x2000040c   Data           4  st7735.o(.data)
    Ymax                                     0x20000410   Data           4  st7735.o(.data)
    Ymin                                     0x20000414   Data           4  st7735.o(.data)
    X                                        0x20000418   Data           4  st7735.o(.data)
    Yrange                                   0x2000041c   Data           4  st7735.o(.data)
    lastj                                    0x20000420   Data           4  st7735.o(.data)
    zPtr                                     0x20000424   Data           4  stage.o(.data)
    songSpot                                 0x20000428   Data           4  music.o(.data)
    songPt                                   0x2000042c   Data           4  music.o(.data)
    bassPt                                   0x20000430   Data           4  music.o(.data)
    pitch                                    0x20000434   Data           4  music.o(.data)
    duration                                 0x20000438   Data           4  music.o(.data)
    pzPtr                                    0x2000043c   Data           4  proj.o(.data)
    rzPtr                                    0x20000440   Data           4  rupoo.o(.data)
    TExaS_Period                             0x200004f0   Data           4  texas.o(.data)
    TExaS_Ports                              0x200004f4   Data           8  texas.o(.data)
    TExaS_Meter                              0x200004fc   Data           4  texas.o(.data)
    ADCnum                                   0x20000500   Data           4  texas.o(.data)
    LastMode                                 0x20000504   Data           4  texas.o(.data)
    bFlag                                    0x20000508   Data           4  texas.o(.data)
    Count                                    0x2000050c   Data           4  texas.o(.data)
    DelayBetweenTests                        0x20000510   Data           4  texas.o(.data)
    TExaS_Test                               0x20000514   Data           4  texas.o(.data)
    ScopeMode                                0x20000518   Data           4  texas.o(.data)
    ScopeCount                               0x2000051c   Data           4  texas.o(.data)
    stage1                                   0x20000524   Data        3660  legendofzorlda.o(.bss)
    stage2                                   0x20001370   Data        3660  legendofzorlda.o(.bss)
    stage3                                   0x200021bc   Data        3660  legendofzorlda.o(.bss)
    stage4                                   0x20003008   Data        3660  legendofzorlda.o(.bss)
    stage5                                   0x20003e54   Data        3660  legendofzorlda.o(.bss)
    stage6                                   0x20004ca0   Data        3660  legendofzorlda.o(.bss)
    currentFloor                             0x20005aec   Data          24  legendofzorlda.o(.bss)
    lonk                                     0x20005b04   Data          88  legendofzorlda.o(.bss)
    zygote                                   0x20005b5c   Data          48  stage.o(.bss)
    pZygote                                  0x20005b8c   Data          32  proj.o(.bss)
    rZygote                                  0x20005bac   Data          24  rupoo.o(.bss)
    TExaS                                    0x20005bc8   Data          56  texas.o(.bss)
    __libspace_start                         0x20005c00   Data          96  libspace.o(.bss)
    __temporary_stack_top$libspace           0x20005c60   Data           0  libspace.o(.bss)



==============================================================================

Memory Map of the image

  Image Entry point : 0x0000026d

  Load Region LR_1 (Base: 0x00000000, Size: 0x0003b238, Max: 0xffffffff, ABSOLUTE, COMPRESSED[0x0003af64])

    Execution Region ER_RO (Exec base: 0x00000000, Load base: 0x00000000, Size: 0x0003ad14, Max: 0xffffffff, ABSOLUTE)

    Exec Addr    Load Addr    Size         Type   Attr      Idx    E Section Name        Object

    0x00000000   0x00000000   0x00000284   Code   RO          320  * RESET               startup.o
    0x00000284   0x00000284   0x00000008   Code   RO         1535  * !!!main             c_w.l(__main.o)
    0x0000028c   0x0000028c   0x00000034   Code   RO         1694    !!!scatter          c_w.l(__scatter.o)
    0x000002c0   0x000002c0   0x0000005a   Code   RO         1692    !!dczerorl2         c_w.l(__dczerorl2.o)
    0x0000031a   0x0000031a   0x00000002   PAD
    0x0000031c   0x0000031c   0x0000001c   Code   RO         1696    !!handler_zi        c_w.l(__scatter_zi.o)
    0x00000338   0x00000338   0x00000002   Code   RO         1562    .ARM.Collect$$libinit$$00000000  c_w.l(libinit.o)
    0x0000033a   0x0000033a   0x00000000   Code   RO         1569    .ARM.Collect$$libinit$$00000002  c_w.l(libinit2.o)
    0x0000033a   0x0000033a   0x00000000   Code   RO         1571    .ARM.Collect$$libinit$$00000004  c_w.l(libinit2.o)
    0x0000033a   0x0000033a   0x00000000   Code   RO         1574    .ARM.Collect$$libinit$$0000000A  c_w.l(libinit2.o)
    0x0000033a   0x0000033a   0x00000000   Code   RO         1576    .ARM.Collect$$libinit$$0000000C  c_w.l(libinit2.o)
    0x0000033a   0x0000033a   0x00000000   Code   RO         1578    .ARM.Collect$$libinit$$0000000E  c_w.l(libinit2.o)
    0x0000033a   0x0000033a   0x00000000   Code   RO         1581    .ARM.Collect$$libinit$$00000011  c_w.l(libinit2.o)
    0x0000033a   0x0000033a   0x00000000   Code   RO         1583    .ARM.Collect$$libinit$$00000013  c_w.l(libinit2.o)
    0x0000033a   0x0000033a   0x00000000   Code   RO         1585    .ARM.Collect$$libinit$$00000015  c_w.l(libinit2.o)
    0x0000033a   0x0000033a   0x00000000   Code   RO         1587    .ARM.Collect$$libinit$$00000017  c_w.l(libinit2.o)
    0x0000033a   0x0000033a   0x00000000   Code   RO         1589    .ARM.Collect$$libinit$$00000019  c_w.l(libinit2.o)
    0x0000033a   0x0000033a   0x00000000   Code   RO         1591    .ARM.Collect$$libinit$$0000001B  c_w.l(libinit2.o)
    0x0000033a   0x0000033a   0x00000000   Code   RO         1593    .ARM.Collect$$libinit$$0000001D  c_w.l(libinit2.o)
    0x0000033a   0x0000033a   0x00000000   Code   RO         1595    .ARM.Collect$$libinit$$0000001F  c_w.l(libinit2.o)
    0x0000033a   0x0000033a   0x00000000   Code   RO         1597    .ARM.Collect$$libinit$$00000021  c_w.l(libinit2.o)
    0x0000033a   0x0000033a   0x00000000   Code   RO         1599    .ARM.Collect$$libinit$$00000023  c_w.l(libinit2.o)
    0x0000033a   0x0000033a   0x00000000   Code   RO         1601    .ARM.Collect$$libinit$$00000025  c_w.l(libinit2.o)
    0x0000033a   0x0000033a   0x00000000   Code   RO         1605    .ARM.Collect$$libinit$$0000002C  c_w.l(libinit2.o)
    0x0000033a   0x0000033a   0x00000000   Code   RO         1607    .ARM.Collect$$libinit$$0000002E  c_w.l(libinit2.o)
    0x0000033a   0x0000033a   0x00000000   Code   RO         1609    .ARM.Collect$$libinit$$00000030  c_w.l(libinit2.o)
    0x0000033a   0x0000033a   0x00000000   Code   RO         1611    .ARM.Collect$$libinit$$00000032  c_w.l(libinit2.o)
    0x0000033a   0x0000033a   0x00000002   Code   RO         1612    .ARM.Collect$$libinit$$00000033  c_w.l(libinit2.o)
    0x0000033c   0x0000033c   0x00000002   Code   RO         1632    .ARM.Collect$$libshutdown$$00000000  c_w.l(libshutdown.o)
    0x0000033e   0x0000033e   0x00000000   Code   RO         1645    .ARM.Collect$$libshutdown$$00000002  c_w.l(libshutdown2.o)
    0x0000033e   0x0000033e   0x00000000   Code   RO         1647    .ARM.Collect$$libshutdown$$00000004  c_w.l(libshutdown2.o)
    0x0000033e   0x0000033e   0x00000000   Code   RO         1650    .ARM.Collect$$libshutdown$$00000007  c_w.l(libshutdown2.o)
    0x0000033e   0x0000033e   0x00000000   Code   RO         1653    .ARM.Collect$$libshutdown$$0000000A  c_w.l(libshutdown2.o)
    0x0000033e   0x0000033e   0x00000000   Code   RO         1655    .ARM.Collect$$libshutdown$$0000000C  c_w.l(libshutdown2.o)
    0x0000033e   0x0000033e   0x00000000   Code   RO         1658    .ARM.Collect$$libshutdown$$0000000F  c_w.l(libshutdown2.o)
    0x0000033e   0x0000033e   0x00000002   Code   RO         1659    .ARM.Collect$$libshutdown$$00000010  c_w.l(libshutdown2.o)
    0x00000340   0x00000340   0x00000000   Code   RO         1537    .ARM.Collect$$rtentry$$00000000  c_w.l(__rtentry.o)
    0x00000340   0x00000340   0x00000000   Code   RO         1539    .ARM.Collect$$rtentry$$00000002  c_w.l(__rtentry2.o)
    0x00000340   0x00000340   0x00000006   Code   RO         1551    .ARM.Collect$$rtentry$$00000004  c_w.l(__rtentry4.o)
    0x00000346   0x00000346   0x00000000   Code   RO         1541    .ARM.Collect$$rtentry$$00000009  c_w.l(__rtentry2.o)
    0x00000346   0x00000346   0x00000004   Code   RO         1542    .ARM.Collect$$rtentry$$0000000A  c_w.l(__rtentry2.o)
    0x0000034a   0x0000034a   0x00000000   Code   RO         1544    .ARM.Collect$$rtentry$$0000000C  c_w.l(__rtentry2.o)
    0x0000034a   0x0000034a   0x00000008   Code   RO         1545    .ARM.Collect$$rtentry$$0000000D  c_w.l(__rtentry2.o)
    0x00000352   0x00000352   0x00000002   Code   RO         1566    .ARM.Collect$$rtexit$$00000000  c_w.l(rtexit.o)
    0x00000354   0x00000354   0x00000000   Code   RO         1614    .ARM.Collect$$rtexit$$00000002  c_w.l(rtexit2.o)
    0x00000354   0x00000354   0x00000004   Code   RO         1615    .ARM.Collect$$rtexit$$00000003  c_w.l(rtexit2.o)
    0x00000358   0x00000358   0x00000006   Code   RO         1616    .ARM.Collect$$rtexit$$00000004  c_w.l(rtexit2.o)
    0x0000035e   0x0000035e   0x00000002   PAD
    0x00000360   0x00000360   0x00000058   Code   RO           51    .text               lcd.o
    0x000003b8   0x000003b8   0x000000dc   Code   RO          198    .text               print.o
    0x00000494   0x00000494   0x0000003c   Code   RO          202    .text               random.o
    0x000004d0   0x000004d0   0x00000030   Code   RO          321    .text               startup.o
    0x00000500   0x00000500   0x000004a0   Code   RO         1512    .text               texas.o
    0x000009a0   0x000009a0   0x00000064   Code   RO         1531    .text               c_w.l(rt_memcpy_w.o)
    0x00000a04   0x00000a04   0x00000006   Code   RO         1533    .text               c_w.l(heapauxi.o)
    0x00000a0a   0x00000a0a   0x0000004a   Code   RO         1553    .text               c_w.l(sys_stackheap_outer.o)
    0x00000a54   0x00000a54   0x00000012   Code   RO         1555    .text               c_w.l(exit.o)
    0x00000a66   0x00000a66   0x00000002   PAD
    0x00000a68   0x00000a68   0x00000008   Code   RO         1563    .text               c_w.l(libspace.o)
    0x00000a70   0x00000a70   0x0000000c   Code   RO         1624    .text               c_w.l(sys_exit.o)
    0x00000a7c   0x00000a7c   0x00000002   Code   RO         1635    .text               c_w.l(use_no_semi.o)
    0x00000a7e   0x00000a7e   0x00000000   Code   RO         1637    .text               c_w.l(indicate_semi.o)
    0x00000a7e   0x00000a7e   0x00000002   PAD
    0x00000a80   0x00000a80   0x0000002c   Code   RO            1    i.ADC_InX           adc.o
    0x00000aac   0x00000aac   0x0000002c   Code   RO            2    i.ADC_InY           adc.o
    0x00000ad8   0x00000ad8   0x000000fc   Code   RO            3    i.ADC_Init          adc.o
    0x00000bd4   0x00000bd4   0x00000184   Code   RO           55    i.Button_Init       legendofzorlda.o
    0x00000d58   0x00000d58   0x00000076   Code   RO          638    i.Check_Adjacent    entity.o
    0x00000dce   0x00000dce   0x00000002   PAD
    0x00000dd0   0x00000dd0   0x00000394   Code   RO          911    i.Check_Damage      player.o
    0x00001164   0x00001164   0x00000028   Code   RO          912    i.Check_Item        player.o
    0x0000118c   0x0000118c   0x000000b4   Code   RO          990    i.Check_Move        stage.o
    0x00001240   0x00001240   0x00000080   Code   RO          913    i.Check_Move_Player  player.o
    0x000012c0   0x000012c0   0x00000044   Code   RO          639    i.Check_Overlap     entity.o
    0x00001304   0x00001304   0x000000dc   Code   RO          914    i.Check_Rupoos      player.o
    0x000013e0   0x000013e0   0x00000020   Code   RO          991    i.Check_Walls       stage.o
    0x00001400   0x00001400   0x00000154   Code   RO          992    i.Clear_Obstacles   stage.o
    0x00001554   0x00001554   0x0000003c   Code   RO           33    i.DAC_Init          dac.o
    0x00001590   0x00001590   0x0000000c   Code   RO           34    i.DAC_Out           dac.o
    0x0000159c   0x0000159c   0x00000020   Code   RO          369    i.Delay1ms          st7735.o
    0x000015bc   0x000015bc   0x00000014   Code   RO          993    i.Draw_Borders      stage.o
    0x000015d0   0x000015d0   0x00000058   Code   RO          994    i.Draw_Borders_Down  stage.o
    0x00001628   0x00001628   0x00000058   Code   RO          995    i.Draw_Borders_Left  stage.o
    0x00001680   0x00001680   0x00000058   Code   RO          996    i.Draw_Borders_Right  stage.o
    0x000016d8   0x000016d8   0x00000058   Code   RO          997    i.Draw_Borders_Up   stage.o
    0x00001730   0x00001730   0x00000080   Code   RO           56    i.Draw_Health       legendofzorlda.o
    0x000017b0   0x000017b0   0x0000030c   Code   RO           57    i.Draw_Item         legendofzorlda.o
    0x00001abc   0x00001abc   0x00000360   Code   RO           58    i.Ending            legendofzorlda.o
    0x00001e1c   0x00001e1c   0x00000134   Code   RO          640    i.Entity_Fire       entity.o
    0x00001f50   0x00001f50   0x00000478   Code   RO         1357    i.Explode_Bomb      proj.o
    0x000023c8   0x000023c8   0x000000b4   Code   RO          641    i.Find_Conflict     entity.o
    0x0000247c   0x0000247c   0x00000078   Code   RO         1408    i.GPIOPortE_Handler  item.o
    0x000024f4   0x000024f4   0x0000005c   Code   RO           59    i.GPIOPortF_Handler  legendofzorlda.o
    0x00002550   0x00002550   0x00000050   Code   RO          642    i.Make_Bear         entity.o
    0x000025a0   0x000025a0   0x00000094   Code   RO          643    i.Make_BlueChest    entity.o
    0x00002634   0x00002634   0x0000004c   Code   RO          644    i.Make_Brick        entity.o
    0x00002680   0x00002680   0x000001e8   Code   RO          998    i.Make_Brick1Stage  stage.o
    0x00002868   0x00002868   0x00000254   Code   RO          999    i.Make_Brick2Stage  stage.o
    0x00002abc   0x00002abc   0x0000004c   Code   RO          645    i.Make_BrickArrows  entity.o
    0x00002b08   0x00002b08   0x00000048   Code   RO          646    i.Make_BrownChest   entity.o
    0x00002b50   0x00002b50   0x0000004c   Code   RO          647    i.Make_Bush         entity.o
    0x00002b9c   0x00002b9c   0x0000012c   Code   RO         1003    i.Make_Bush1Stage   stage.o
    0x00002cc8   0x00002cc8   0x00000180   Code   RO         1004    i.Make_Bush2Stage   stage.o
    0x00002e48   0x00002e48   0x00000054   Code   RO          648    i.Make_Crab         entity.o
    0x00002e9c   0x00002e9c   0x00000054   Code   RO          649    i.Make_Dekuscrub    entity.o
    0x00002ef0   0x00002ef0   0x00000054   Code   RO          650    i.Make_Ebat         entity.o
    0x00002f44   0x00002f44   0x0000004c   Code   RO          651    i.Make_Explode      entity.o
    0x00002f90   0x00002f90   0x00000058   Code   RO          652    i.Make_Fbow         entity.o
    0x00002fe8   0x00002fe8   0x00000440   Code   RO           60    i.Make_Floor        legendofzorlda.o
    0x00003428   0x00003428   0x00000054   Code   RO          653    i.Make_Ganon1Boss   entity.o
    0x0000347c   0x0000347c   0x000001e4   Code   RO         1008    i.Make_Ganon1BossStage  stage.o
    0x00003660   0x00003660   0x00000058   Code   RO          654    i.Make_Ganon2Boss   entity.o
    0x000036b8   0x000036b8   0x00000094   Code   RO          655    i.Make_GreenChest   entity.o
    0x0000374c   0x0000374c   0x00000074   Code   RO          656    i.Make_HShieldObs   entity.o
    0x000037c0   0x000037c0   0x0000004c   Code   RO          657    i.Make_Ice          entity.o
    0x0000380c   0x0000380c   0x00000234   Code   RO         1009    i.Make_Ice1Stage    stage.o
    0x00003a40   0x00003a40   0x00000284   Code   RO         1010    i.Make_Ice2Stage    stage.o
    0x00003cc4   0x00003cc4   0x000001fc   Code   RO         1011    i.Make_Ice3Stage    stage.o
    0x00003ec0   0x00003ec0   0x000001b0   Code   RO         1014    i.Make_IcegolemBossStage  stage.o
    0x00004070   0x00004070   0x0000004c   Code   RO          658    i.Make_Lava         entity.o
    0x000040bc   0x000040bc   0x000002bc   Code   RO         1015    i.Make_Lava1Stage   stage.o
    0x00004378   0x00004378   0x00000208   Code   RO         1016    i.Make_Lava2Stage   stage.o
    0x00004580   0x00004580   0x000001e0   Code   RO         1017    i.Make_Lava3Stage   stage.o
    0x00004760   0x00004760   0x000002d8   Code   RO         1018    i.Make_Lava4Stage   stage.o
    0x00004a38   0x00004a38   0x00000060   Code   RO          915    i.Make_Lonk         player.o
    0x00004a98   0x00004a98   0x00000058   Code   RO          659    i.Make_LynelBoss    entity.o
    0x00004af0   0x00004af0   0x000001b0   Code   RO         1020    i.Make_LynelBossStage  stage.o
    0x00004ca0   0x00004ca0   0x0000024c   Code   RO         1021    i.Make_OrcBossStage  stage.o
    0x00004eec   0x00004eec   0x000007c4   Code   RO         1358    i.Make_Proj         proj.o
    0x000056b0   0x000056b0   0x00000828   Code   RO         1359    i.Make_Proj_Player  proj.o
    0x00005ed8   0x00005ed8   0x00000098   Code   RO          660    i.Make_RedChest     entity.o
    0x00005f70   0x00005f70   0x00000090   Code   RO         1392    i.Make_Rup          rupoo.o
    0x00006000   0x00006000   0x00000120   Code   RO         1022    i.Make_Shop         stage.o
    0x00006120   0x00006120   0x0000004c   Code   RO          661    i.Make_Shopkeeper   entity.o
    0x0000616c   0x0000616c   0x00000058   Code   RO          662    i.Make_Skelebomber  entity.o
    0x000061c4   0x000061c4   0x00000058   Code   RO          663    i.Make_Skeleton     entity.o
    0x0000621c   0x0000621c   0x00000054   Code   RO          664    i.Make_Slime        entity.o
    0x00006270   0x00006270   0x000001c8   Code   RO         1023    i.Make_SlimeBossStage  stage.o
    0x00006438   0x00006438   0x00000054   Code   RO          665    i.Make_Snake        entity.o
    0x0000648c   0x0000648c   0x00000054   Code   RO          666    i.Make_Snowman      entity.o
    0x000064e0   0x000064e0   0x00000054   Code   RO          667    i.Make_Spider       entity.o
    0x00006534   0x00006534   0x00000058   Code   RO          668    i.Make_Squid        entity.o
    0x0000658c   0x0000658c   0x00000048   Code   RO          669    i.Make_StairObstacle  entity.o
    0x000065d4   0x000065d4   0x000000a4   Code   RO         1024    i.Make_Stairs       stage.o
    0x00006678   0x00006678   0x00000060   Code   RO          916    i.Make_Valvano      player.o
    0x000066d8   0x000066d8   0x00000074   Code   RO          670    i.Make_WShieldObs   entity.o
    0x0000674c   0x0000674c   0x0000004c   Code   RO          671    i.Make_Water        entity.o
    0x00006798   0x00006798   0x00000218   Code   RO         1031    i.Make_Water1Stage  stage.o
    0x000069b0   0x000069b0   0x000001b4   Code   RO         1032    i.Make_Water2Stage  stage.o
    0x00006b64   0x00006b64   0x0000005c   Code   RO          917    i.Make_Yerraballi   player.o
    0x00006bc0   0x00006bc0   0x00000058   Code   RO          672    i.Make_icegolemBoss  entity.o
    0x00006c18   0x00006c18   0x00000054   Code   RO          673    i.Make_orcBoss      entity.o
    0x00006c6c   0x00006c6c   0x00000054   Code   RO          674    i.Make_slimeBoss    entity.o
    0x00006cc0   0x00006cc0   0x00000064   Code   RO          675    i.Move_Enemy        entity.o
    0x00006d24   0x00006d24   0x00000184   Code   RO          676    i.Move_Enemy_Homing  entity.o
    0x00006ea8   0x00006ea8   0x000001fc   Code   RO          677    i.Move_Enemy_Proj   entity.o
    0x000070a4   0x000070a4   0x000001c6   Code   RO          678    i.Move_Enemy_Random  entity.o
    0x0000726a   0x0000726a   0x00000002   PAD
    0x0000726c   0x0000726c   0x0000020c   Code   RO         1360    i.Move_Proj         proj.o
    0x00007478   0x00007478   0x0000001c   Code   RO         1298    i.Music_Init        music.o
    0x00007494   0x00007494   0x00000014   Code   RO         1299    i.Music_Pause       music.o
    0x000074a8   0x000074a8   0x00000028   Code   RO         1300    i.Music_Play        music.o
    0x000074d0   0x000074d0   0x0000002c   Code   RO         1301    i.Music_Resume      music.o
    0x000074fc   0x000074fc   0x00000018   Code   RO         1036    i.Next_Rooms        stage.o
    0x00007514   0x00007514   0x00000128   Code   RO          679    i.Omni_Fire         entity.o
    0x0000763c   0x0000763c   0x00000010   Code   RO          372    i.Output_Init       st7735.o
    0x0000764c   0x0000764c   0x00000064   Code   RO          918    i.Player_Move_Down  player.o
    0x000076b0   0x000076b0   0x00000064   Code   RO          919    i.Player_Move_Left  player.o
    0x00007714   0x00007714   0x00000060   Code   RO          920    i.Player_Move_Right  player.o
    0x00007774   0x00007774   0x00000060   Code   RO          921    i.Player_Move_Up    player.o
    0x000077d4   0x000077d4   0x000000d8   Code   RO         1037    i.Redraw_All        stage.o
    0x000078ac   0x000078ac   0x00000120   Code   RO          376    i.ST7735_DrawBitmap  st7735.o
    0x000079cc   0x000079cc   0x00000148   Code   RO          377    i.ST7735_DrawBitmap2  st7735.o
    0x00007b14   0x00007b14   0x00000110   Code   RO          378    i.ST7735_DrawChar   st7735.o
    0x00007c24   0x00007c24   0x000000f8   Code   RO          379    i.ST7735_DrawCharS  st7735.o
    0x00007d1c   0x00007d1c   0x00000048   Code   RO          382    i.ST7735_DrawPixel  st7735.o
    0x00007d64   0x00007d64   0x00000056   Code   RO          383    i.ST7735_DrawString  st7735.o
    0x00007dba   0x00007dba   0x00000002   PAD
    0x00007dbc   0x00007dbc   0x000000ac   Code   RO          384    i.ST7735_FillRect   st7735.o
    0x00007e68   0x00007e68   0x00000024   Code   RO          385    i.ST7735_FillScreen  st7735.o
    0x00007e8c   0x00007e8c   0x0000007c   Code   RO          387    i.ST7735_InitR      st7735.o
    0x00007f08   0x00007f08   0x00000016   Code   RO          388    i.ST7735_InvertDisplay  st7735.o
    0x00007f1e   0x00007f1e   0x00000002   PAD
    0x00007f20   0x00007f20   0x000000d4   Code   RO          389    i.ST7735_OutChar    st7735.o
    0x00007ff4   0x00007ff4   0x00000018   Code   RO          390    i.ST7735_OutString  st7735.o
    0x0000800c   0x0000800c   0x00000020   Code   RO          400    i.ST7735_SetCursor  st7735.o
    0x0000802c   0x0000802c   0x000000d4   Code   RO          401    i.ST7735_SetRotation  st7735.o
    0x00008100   0x00008100   0x0000001c   Code   RO           61    i.Sample_Joystick   legendofzorlda.o
    0x0000811c   0x0000811c   0x00000034   Code   RO           62    i.ScoreTrack        legendofzorlda.o
    0x00008150   0x00008150   0x00000098   Code   RO          205    i.SoundTask         sound.o
    0x000081e8   0x000081e8   0x00000028   Code   RO          212    i.Sound_Hit         sound.o
    0x00008210   0x00008210   0x00000078   Code   RO          213    i.Sound_Init        sound.o
    0x00008288   0x00008288   0x0000001c   Code   RO          215    i.Sound_Play        sound.o
    0x000082a4   0x000082a4   0x00000020   Code   RO          216    i.Sound_PlayMusic   sound.o
    0x000082c4   0x000082c4   0x00000028   Code   RO          217    i.Sound_Projectile  sound.o
    0x000082ec   0x000082ec   0x00000028   Code   RO          220    i.Sound_hyah        sound.o
    0x00008314   0x00008314   0x00000028   Code   RO          922    i.Switch_Item       player.o
    0x0000833c   0x0000833c   0x000006a4   Code   RO           63    i.SysTick_Handler   legendofzorlda.o
    0x000089e0   0x000089e0   0x00000030   Code   RO           64    i.SysTick_Init      legendofzorlda.o
    0x00008a10   0x00008a10   0x000000f4   Code   RO          680    i.Teleport_Enemy    entity.o
    0x00008b04   0x00008b04   0x00000018   Code   RO          327    i.Timer0A_Handler   timer0.o
    0x00008b1c   0x00008b1c   0x00000060   Code   RO          328    i.Timer0_Init       timer0.o
    0x00008b7c   0x00008b7c   0x00000018   Code   RO          348    i.Timer1A_Handler   timer1.o
    0x00008b94   0x00008b94   0x00000060   Code   RO          349    i.Timer1_Init       timer1.o
    0x00008bf4   0x00008bf4   0x00000018   Code   RO          221    i.Timer2A_Handler   sound.o
    0x00008c0c   0x00008c0c   0x0000008c   Code   RO         1303    i.Timer3A_Handler   music.o
    0x00008c98   0x00008c98   0x00000054   Code   RO         1304    i.Timer3A_Init      music.o
    0x00008cec   0x00008cec   0x00000584   Code   RO         1409    i.Use_BGSword       item.o
    0x00009270   0x00009270   0x0000016c   Code   RO         1410    i.Use_Bomb          item.o
    0x000093dc   0x000093dc   0x0000016c   Code   RO         1411    i.Use_Bombchu       item.o
    0x00009548   0x00009548   0x00000278   Code   RO         1412    i.Use_Bow           item.o
    0x000097c0   0x000097c0   0x00000170   Code   RO         1413    i.Use_Dekunuts      item.o
    0x00009930   0x00009930   0x00000120   Code   RO         1414    i.Use_FireRod       item.o
    0x00009a50   0x00009a50   0x00000344   Code   RO         1415    i.Use_HShield       item.o
    0x00009d94   0x00009d94   0x000000d8   Code   RO         1416    i.Use_IceRod        item.o
    0x00009e6c   0x00009e6c   0x00000338   Code   RO         1417    i.Use_LightBow      item.o
    0x0000a1a4   0x0000a1a4   0x0000061c   Code   RO         1418    i.Use_MSword        item.o
    0x0000a7c0   0x0000a7c0   0x00000648   Code   RO         1419    i.Use_Mjolnir       item.o
    0x0000ae08   0x0000ae08   0x00000200   Code   RO         1420    i.Use_Needles       item.o
    0x0000b008   0x0000b008   0x000000e0   Code   RO         1421    i.Use_Quake         item.o
    0x0000b0e8   0x0000b0e8   0x00000634   Code   RO         1422    i.Use_Shortsword    item.o
    0x0000b71c   0x0000b71c   0x00000388   Code   RO         1423    i.Use_WoodShield    item.o
    0x0000baa4   0x0000baa4   0x00000056   Code   RO          404    i.commandList       st7735.o
    0x0000bafa   0x0000bafa   0x00000002   PAD
    0x0000bafc   0x0000bafc   0x00000188   Code   RO          405    i.commonInit        st7735.o
    0x0000bc84   0x0000bc84   0x00001338   Code   RO           65    i.main              legendofzorlda.o
    0x0000cfbc   0x0000cfbc   0x00000012   Code   RO          410    i.pushColor         st7735.o
    0x0000cfce   0x0000cfce   0x00000002   PAD
    0x0000cfd0   0x0000cfd0   0x00000074   Code   RO          411    i.setAddrWindow     st7735.o
    0x0000d044   0x0000d044   0x000048fc   Data   RO          222    .constdata          sound.o
    0x00011940   0x00011940   0x000007e2   Data   RO          413    .constdata          st7735.o
    0x00012122   0x00012122   0x00027b8a   Data   RO         1289    .constdata          images.o
    0x00039cac   0x00039cac   0x00000858   Data   RO         1305    .constdata          music.o
    0x0003a504   0x0003a504   0x000000f0   Data   RO         1514    .constdata          texas.o
    0x0003a5f4   0x0003a5f4   0x00000700   Data   RO           67    .conststring        legendofzorlda.o
    0x0003acf4   0x0003acf4   0x00000020   Data   RO         1690    Region$$Table       anon$$obj.o


    Execution Region ER_RW (Exec base: 0x20000000, Load base: 0x0003ad14, Size: 0x00000524, Max: 0xffffffff, ABSOLUTE, COMPRESSED[0x00000250])

    Exec Addr    Load Addr    Size         Type   Attr      Idx    E Section Name        Object

    0x20000000   COMPRESSED   0x000003d8   Data   RW           68    .data               legendofzorlda.o
    0x200003d8   COMPRESSED   0x00000018   Data   RW          223    .data               sound.o
    0x200003f0   COMPRESSED   0x00000004   Data   RW          329    .data               timer0.o
    0x200003f4   COMPRESSED   0x00000004   Data   RW          350    .data               timer1.o
    0x200003f8   COMPRESSED   0x0000002c   Data   RW          414    .data               st7735.o
    0x20000424   COMPRESSED   0x00000004   Data   RW         1039    .data               stage.o
    0x20000428   COMPRESSED   0x00000014   Data   RW         1306    .data               music.o
    0x2000043c   COMPRESSED   0x00000004   Data   RW         1362    .data               proj.o
    0x20000440   COMPRESSED   0x00000004   Data   RW         1394    .data               rupoo.o
    0x20000444   COMPRESSED   0x000000ac   Data   RW         1424    .data               item.o
    0x200004f0   COMPRESSED   0x00000030   Data   RW         1515    .data               texas.o
    0x20000520   COMPRESSED   0x00000004   Data   RW          201    DATA                random.o


    Execution Region ER_ZI (Exec base: 0x20000524, Load base: 0x0003af64, Size: 0x00005b3c, Max: 0xffffffff, ABSOLUTE)

    Exec Addr    Load Addr    Size         Type   Attr      Idx    E Section Name        Object

    0x20000524        -       0x00005638   Zero   RW           66    .bss                legendofzorlda.o
    0x20005b5c        -       0x00000030   Zero   RW         1038    .bss                stage.o
    0x20005b8c        -       0x00000020   Zero   RW         1361    .bss                proj.o
    0x20005bac        -       0x00000018   Zero   RW         1393    .bss                rupoo.o
    0x20005bc4   0x0003af64   0x00000004   PAD
    0x20005bc8        -       0x00000038   Zero   RW         1513    .bss                texas.o
    0x20005c00        -       0x00000060   Zero   RW         1564    .bss                c_w.l(libspace.o)
    0x20005c60        -       0x00000000   Zero   RW          319    HEAP                startup.o
    0x20005c60        -       0x00000400   Zero   RW          318    STACK               startup.o


==============================================================================

Image component sizes


      Code (inc. data)   RO Data    RW Data    ZI Data      Debug   Object Name

       340         32          0          0          0       5815   adc.o
        72         20          0          0          0        821   dac.o
      5632        222          0          0          0      30215   entity.o
         0          0     162698          0          0       6938   images.o
     11824        742          0        172          0      14394   item.o
        88         14          0          0          0        272   lcd.o
     10088        734       1792        984      22072      15751   legendofzorlda.o
       356         84       2136         20          0       3418   music.o
      2020        144          0          0          0       8153   player.o
       220          2          0          0          0        292   print.o
      5744        302          0          4         32       5849   proj.o
        60         14          0          4          0        236   random.o
       144         18          0          4         24       1047   rupoo.o
       476        114      18684         24          0       4553   sound.o
      2788        212       2018         44          0      16347   st7735.o
     10892        294          0          4         48      20919   stage.o
       692        632          0          0       1024        940   startup.o
      1184        188        240         48         56      14668   texas.o
       120         30          0          4          0       1408   timer0.o
       120         30          0          4          0       1460   timer1.o

    ----------------------------------------------------------------------
     52872       3828     187600       1316      23260     153496   Object Totals
         0          0         32          0          0          0   (incl. Generated)
        12          0          0          0          4          0   (incl. Padding)

    ----------------------------------------------------------------------

      Code (inc. data)   RO Data    RW Data    ZI Data      Debug   Library Member Name

        90          0          0          0          0          0   __dczerorl2.o
         8          0          0          0          0         68   __main.o
         0          0          0          0          0          0   __rtentry.o
        12          0          0          0          0          0   __rtentry2.o
         6          0          0          0          0          0   __rtentry4.o
        52          8          0          0          0          0   __scatter.o
        28          0          0          0          0          0   __scatter_zi.o
        18          0          0          0          0         80   exit.o
         6          0          0          0          0        152   heapauxi.o
         0          0          0          0          0          0   indicate_semi.o
         2          0          0          0          0          0   libinit.o
         2          0          0          0          0          0   libinit2.o
         2          0          0          0          0          0   libshutdown.o
         2          0          0          0          0          0   libshutdown2.o
         8          4          0          0         96         68   libspace.o
       100          0          0          0          0         80   rt_memcpy_w.o
         2          0          0          0          0          0   rtexit.o
        10          0          0          0          0          0   rtexit2.o
        12          4          0          0          0         68   sys_exit.o
        74          0          0          0          0         80   sys_stackheap_outer.o
         2          0          0          0          0         68   use_no_semi.o

    ----------------------------------------------------------------------
       444         16          0          0         96        664   Library Totals
         8          0          0          0          0          0   (incl. Padding)

    ----------------------------------------------------------------------

      Code (inc. data)   RO Data    RW Data    ZI Data      Debug   Library Name

       436         16          0          0         96        664   c_w.l

    ----------------------------------------------------------------------
       444         16          0          0         96        664   Library Totals

    ----------------------------------------------------------------------

==============================================================================


      Code (inc. data)   RO Data    RW Data    ZI Data      Debug   

     53316       3844     187600       1316      23356     145680   Grand Totals
     53316       3844     187600        592      23356     145680   ELF Image Totals (compressed)
     53316       3844     187600        592          0          0   ROM Totals

==============================================================================

    Total RO  Size (Code + RO Data)               240916 ( 235.27kB)
    Total RW  Size (RW Data + ZI Data)             24672 (  24.09kB)
    Total ROM Size (Code + RO Data + RW Data)     241508 ( 235.85kB)

==============================================================================

